// Jest Snapshot v1, https://goo.gl/fbAQLP

exports[`Image not visible renders the blur-up thumb 1`] = `
<div style="display: inline-block; overflow: hidden; position: relative;"><svg height="421" width="750" style="width: 100%; height: auto; display: block;"></svg>
  <div style="background-image: url(data:image/jpeg;base64,/9j/4AAQSkZJRgABAQAAAQABAAD/2wCEAAoHBwgHBgoICAgLFQoLDhgQDg0NDh0eHREYIx8lJCIrHB0dLSs7GikyKSEuKjUlKDk1MjIyHyo4PTc+PDcxPjUBCgsLDg0OHBAQHDsoIig7Ozs7Ozs7OzsvOzs7Ozs7Ozs7Lzs7Ozs7Ozs7OzsvOzs7NTsvLy87NTU1Ly8vLzsvL//AABEIAA0AGAMBIgACEQEDEQH/xAAYAAACAwAAAAAAAAAAAAAAAAAGBwABBP/EACEQAAEEAAYDAAAAAAAAAAAAAAEAAgMEBQYHESEiFWFx/8QAFQEBAQAAAAAAAAAAAAAAAAAAAwL/xAAZEQADAAMAAAAAAAAAAAAAAAAAAQIRITH/2gAMAwEAAhEDEQA/AFxLgDWTsAd1J5TGy7hEYqNAaNgECX7sjLMQAHJTEy1Zcarfia4lJMauAxqBhLY6ZlaOzDurWvUOd3jZPfCiEh4xs//Z); background-size: cover; opacity: 1; transition: opacity 500ms 500ms; position: absolute; left: 0px; top: 0px; right: 0px; bottom: 0px;"></div><noscript>
    <picture style="position: absolute; left: 0px; top: 0px; right: 0px; bottom: 0px; ">
      <source srcset="https://www.datocms-assets.com/205/image.png?ar=16%3A9&amp;dpr=0.25&amp;fit=crop&amp;w=750 187w,↵https://www.datocms-assets.com/205/image.png?ar=16%3A9&amp;dpr=0.5&amp;fit=crop&amp;w=750 375w,↵https://www.datocms-assets.com/205/image.png?ar=16%3A9&amp;dpr=0.75&amp;fit=crop&amp;w=750 562w,↵https://www.datocms-assets.com/205/image.png?ar=16%3A9&amp;dpr=1&amp;fit=crop&amp;w=750 750w,↵https://www.datocms-assets.com/205/image.png?ar=16%3A9&amp;dpr=1.5&amp;fit=crop&amp;w=750 1125w,↵https://www.datocms-assets.com/205/image.png?ar=16%3A9&amp;dpr=2&amp;fit=crop&amp;w=750 1500w,↵https://www.datocms-assets.com/205/image.png?ar=16%3A9&amp;dpr=3&amp;fit=crop&amp;w=750 2250w,↵https://www.datocms-assets.com/205/image.png?ar=16%3A9&amp;dpr=4&amp;fit=crop&amp;w=750 3000w" sizes="(max-width: 750px) 100vw, 750px" /><img loading="lazy" src="https://www.datocms-assets.com/205/image.png?ar=16%3A9&amp;fit=crop&amp;w=750" alt="DatoCMS swag" title="These are awesome, we know that." /></picture>
  </noscript>
</div>
`;

exports[`Image visible image loaded shows the image 1`] = `
<div style="display: inline-block; overflow: hidden; position: relative;"><svg height="421" width="750" style="width: 100%; height: auto; display: block;"></svg>
  <div style="background-image: url(data:image/jpeg;base64,/9j/4AAQSkZJRgABAQAAAQABAAD/2wCEAAoHBwgHBgoICAgLFQoLDhgQDg0NDh0eHREYIx8lJCIrHB0dLSs7GikyKSEuKjUlKDk1MjIyHyo4PTc+PDcxPjUBCgsLDg0OHBAQHDsoIig7Ozs7Ozs7OzsvOzs7Ozs7Ozs7Lzs7Ozs7Ozs7OzsvOzs7NTsvLy87NTU1Ly8vLzsvL//AABEIAA0AGAMBIgACEQEDEQH/xAAYAAACAwAAAAAAAAAAAAAAAAAGBwABBP/EACEQAAEEAAYDAAAAAAAAAAAAAAEAAgMEBQYHESEiFWFx/8QAFQEBAQAAAAAAAAAAAAAAAAAAAwL/xAAZEQADAAMAAAAAAAAAAAAAAAAAAQIRITH/2gAMAwEAAhEDEQA/AFxLgDWTsAd1J5TGy7hEYqNAaNgECX7sjLMQAHJTEy1Zcarfia4lJMauAxqBhLY6ZlaOzDurWvUOd3jZPfCiEh4xs//Z); background-size: cover; opacity: 0; transition: opacity 500ms 500ms; position: absolute; left: 0px; top: 0px; right: 0px; bottom: 0px;"></div>
  <picture style="position: absolute; left: 0px; top: 0px; right: 0px; bottom: 0px; opacity: 1; transition: opacity 500ms;">
    <source srcset="https://www.datocms-assets.com/205/image.png?ar=16%3A9&amp;dpr=0.25&amp;fit=crop&amp;w=750 187w,↵https://www.datocms-assets.com/205/image.png?ar=16%3A9&amp;dpr=0.5&amp;fit=crop&amp;w=750 375w,↵https://www.datocms-assets.com/205/image.png?ar=16%3A9&amp;dpr=0.75&amp;fit=crop&amp;w=750 562w,↵https://www.datocms-assets.com/205/image.png?ar=16%3A9&amp;dpr=1&amp;fit=crop&amp;w=750 750w,↵https://www.datocms-assets.com/205/image.png?ar=16%3A9&amp;dpr=1.5&amp;fit=crop&amp;w=750 1125w,↵https://www.datocms-assets.com/205/image.png?ar=16%3A9&amp;dpr=2&amp;fit=crop&amp;w=750 1500w,↵https://www.datocms-assets.com/205/image.png?ar=16%3A9&amp;dpr=3&amp;fit=crop&amp;w=750 2250w,↵https://www.datocms-assets.com/205/image.png?ar=16%3A9&amp;dpr=4&amp;fit=crop&amp;w=750 3000w" sizes="(max-width: 750px) 100vw, 750px"><img src="https://www.datocms-assets.com/205/image.png?ar=16%3A9&amp;fit=crop&amp;w=750" alt="DatoCMS swag" title="These are awesome, we know that." style="width: 100%;"></picture><noscript>
    <picture style="position: absolute; left: 0px; top: 0px; right: 0px; bottom: 0px; ">
      <source srcset="https://www.datocms-assets.com/205/image.png?ar=16%3A9&amp;dpr=0.25&amp;fit=crop&amp;w=750 187w,↵https://www.datocms-assets.com/205/image.png?ar=16%3A9&amp;dpr=0.5&amp;fit=crop&amp;w=750 375w,↵https://www.datocms-assets.com/205/image.png?ar=16%3A9&amp;dpr=0.75&amp;fit=crop&amp;w=750 562w,↵https://www.datocms-assets.com/205/image.png?ar=16%3A9&amp;dpr=1&amp;fit=crop&amp;w=750 750w,↵https://www.datocms-assets.com/205/image.png?ar=16%3A9&amp;dpr=1.5&amp;fit=crop&amp;w=750 1125w,↵https://www.datocms-assets.com/205/image.png?ar=16%3A9&amp;dpr=2&amp;fit=crop&amp;w=750 1500w,↵https://www.datocms-assets.com/205/image.png?ar=16%3A9&amp;dpr=3&amp;fit=crop&amp;w=750 2250w,↵https://www.datocms-assets.com/205/image.png?ar=16%3A9&amp;dpr=4&amp;fit=crop&amp;w=750 3000w" sizes="(max-width: 750px) 100vw, 750px" /><img loading="lazy" src="https://www.datocms-assets.com/205/image.png?ar=16%3A9&amp;fit=crop&amp;w=750" alt="DatoCMS swag" title="These are awesome, we know that." /></picture>
  </noscript>
</div>
`;

exports[`Image visible renders the image 1`] = `
<div style="display: inline-block; overflow: hidden; position: relative;"><svg height="421" width="750" style="width: 100%; height: auto; display: block;"></svg>
  <div style="background-image: url(data:image/jpeg;base64,/9j/4AAQSkZJRgABAQAAAQABAAD/2wCEAAoHBwgHBgoICAgLFQoLDhgQDg0NDh0eHREYIx8lJCIrHB0dLSs7GikyKSEuKjUlKDk1MjIyHyo4PTc+PDcxPjUBCgsLDg0OHBAQHDsoIig7Ozs7Ozs7OzsvOzs7Ozs7Ozs7Lzs7Ozs7Ozs7OzsvOzs7NTsvLy87NTU1Ly8vLzsvL//AABEIAA0AGAMBIgACEQEDEQH/xAAYAAACAwAAAAAAAAAAAAAAAAAGBwABBP/EACEQAAEEAAYDAAAAAAAAAAAAAAEAAgMEBQYHESEiFWFx/8QAFQEBAQAAAAAAAAAAAAAAAAAAAwL/xAAZEQADAAMAAAAAAAAAAAAAAAAAAQIRITH/2gAMAwEAAhEDEQA/AFxLgDWTsAd1J5TGy7hEYqNAaNgECX7sjLMQAHJTEy1Zcarfia4lJMauAxqBhLY6ZlaOzDurWvUOd3jZPfCiEh4xs//Z); background-size: cover; opacity: 1; transition: opacity 500ms 500ms; position: absolute; left: 0px; top: 0px; right: 0px; bottom: 0px;"></div>
  <picture style="position: absolute; left: 0px; top: 0px; right: 0px; bottom: 0px; opacity: 0; transition: opacity 500ms;">
    <source srcset="https://www.datocms-assets.com/205/image.png?ar=16%3A9&amp;dpr=0.25&amp;fit=crop&amp;w=750 187w,↵https://www.datocms-assets.com/205/image.png?ar=16%3A9&amp;dpr=0.5&amp;fit=crop&amp;w=750 375w,↵https://www.datocms-assets.com/205/image.png?ar=16%3A9&amp;dpr=0.75&amp;fit=crop&amp;w=750 562w,↵https://www.datocms-assets.com/205/image.png?ar=16%3A9&amp;dpr=1&amp;fit=crop&amp;w=750 750w,↵https://www.datocms-assets.com/205/image.png?ar=16%3A9&amp;dpr=1.5&amp;fit=crop&amp;w=750 1125w,↵https://www.datocms-assets.com/205/image.png?ar=16%3A9&amp;dpr=2&amp;fit=crop&amp;w=750 1500w,↵https://www.datocms-assets.com/205/image.png?ar=16%3A9&amp;dpr=3&amp;fit=crop&amp;w=750 2250w,↵https://www.datocms-assets.com/205/image.png?ar=16%3A9&amp;dpr=4&amp;fit=crop&amp;w=750 3000w" sizes="(max-width: 750px) 100vw, 750px"><img src="https://www.datocms-assets.com/205/image.png?ar=16%3A9&amp;fit=crop&amp;w=750" alt="DatoCMS swag" title="These are awesome, we know that." style="width: 100%;"></picture><noscript>
    <picture style="position: absolute; left: 0px; top: 0px; right: 0px; bottom: 0px; ">
      <source srcset="https://www.datocms-assets.com/205/image.png?ar=16%3A9&amp;dpr=0.25&amp;fit=crop&amp;w=750 187w,↵https://www.datocms-assets.com/205/image.png?ar=16%3A9&amp;dpr=0.5&amp;fit=crop&amp;w=750 375w,↵https://www.datocms-assets.com/205/image.png?ar=16%3A9&amp;dpr=0.75&amp;fit=crop&amp;w=750 562w,↵https://www.datocms-assets.com/205/image.png?ar=16%3A9&amp;dpr=1&amp;fit=crop&amp;w=750 750w,↵https://www.datocms-assets.com/205/image.png?ar=16%3A9&amp;dpr=1.5&amp;fit=crop&amp;w=750 1125w,↵https://www.datocms-assets.com/205/image.png?ar=16%3A9&amp;dpr=2&amp;fit=crop&amp;w=750 1500w,↵https://www.datocms-assets.com/205/image.png?ar=16%3A9&amp;dpr=3&amp;fit=crop&amp;w=750 2250w,↵https://www.datocms-assets.com/205/image.png?ar=16%3A9&amp;dpr=4&amp;fit=crop&amp;w=750 3000w" sizes="(max-width: 750px) 100vw, 750px" /><img loading="lazy" src="https://www.datocms-assets.com/205/image.png?ar=16%3A9&amp;fit=crop&amp;w=750" alt="DatoCMS swag" title="These are awesome, we know that." /></picture>
  </noscript>
</div>
`;
